// Jest Snapshot v1, https://goo.gl/fbAQLP

exports[`Suggest snapshot: closed state 1`] = `"<span class="g-text-input g-text-input_view_normal g-text-input_size_m g-text-input_pin_round-round" data-qa="suggest-input"><span class="g-text-input__content"><input class="g-text-input__control g-text-input__control_type_input" id="suggest-input" placeholder="Search…" autocomplete="off" value=""></span></span>"`;

exports[`Suggest snapshot: open popup 1`] = `"<div class="g-popup g-popup_open" data-qa="suggest-popup"><div class="g-box g-s__px_2 g-s__py_1 g-flex"><div class="g-list" data-qa="suggest-list" tabindex="-1"><div id="suggest-list" class="g-list__items"><div role="listbox" id="suggest-list"><div role="option" aria-selected="false" class="g-list__item"><div class="g-list__item-content"><div>Apple</div></div></div><div role="option" aria-selected="false" class="g-list__item" id="suggest-list-item-1"><div class="g-list__item-content"><div>Banana</div></div></div><div role="option" aria-selected="false" aria-disabled="true" class="g-list__item g-list__item_inactive" id="suggest-list-item-2"><div class="g-list__item-content"><div>Durian</div></div></div></div></div></div></div></div>"`;

exports[`Suggest snapshot: open popup 2`] = `"<div class="g-list" data-qa="suggest-list" tabindex="-1"><div id="suggest-list" class="g-list__items"><div role="listbox" id="suggest-list"><div role="option" aria-selected="false" class="g-list__item"><div class="g-list__item-content"><div>Apple</div></div></div><div role="option" aria-selected="false" class="g-list__item" id="suggest-list-item-1"><div class="g-list__item-content"><div>Banana</div></div></div><div role="option" aria-selected="false" aria-disabled="true" class="g-list__item g-list__item_inactive" id="suggest-list-item-2"><div class="g-list__item-content"><div>Durian</div></div></div></div></div></div>"`;
